#-----------------------------------------------------------
# Vivado v2017.4 (64-bit)
# SW Build 2086221 on Fri Dec 15 20:55:39 MST 2017
# IP Build 2085800 on Fri Dec 15 22:25:07 MST 2017
# Start of session at: Mon Aug  1 12:11:33 2022
# Process ID: 19476
# Current directory: D:/Downloads/Downloads/Lightweight-Cipher-For-Hardware-Security--main/Lightweight-Cipher-For-Hardware-Security--main/ECC
# Command line: vivado.exe -gui_launcher_event rodinguilauncherevent25592 D:\Downloads\Downloads\Lightweight-Cipher-For-Hardware-Security--main\Lightweight-Cipher-For-Hardware-Security--main\ECC\ECC.xpr
# Log file: D:/Downloads/Downloads/Lightweight-Cipher-For-Hardware-Security--main/Lightweight-Cipher-For-Hardware-Security--main/ECC/vivado.log
# Journal file: D:/Downloads/Downloads/Lightweight-Cipher-For-Hardware-Security--main/Lightweight-Cipher-For-Hardware-Security--main/ECC\vivado.jou
#-----------------------------------------------------------
start_gui
open_project D:/Downloads/Downloads/Lightweight-Cipher-For-Hardware-Security--main/Lightweight-Cipher-For-Hardware-Security--main/ECC/ECC.xpr
